**************************************************
Report         : svf_operation
                 -status accepted 

Reference      : r:/WORK/vending_top
Implementation : i:/WORK/vending_top
Version        : X-2025.06-SP3
Date           : Mon Jul 20 11:00:27 2026
**************************************************

## SVF Operation 1 (Line: 21) - environment.  Status: accepted
## Operation Id: 1
guide_environment \
  { { precompile_db_list /Tools/synopsys/syn/X-2025.06-SP2/libraries/syn/gtech.db } } 

## SVF Operation 2 (Line: 25) - environment.  Status: accepted
## Operation Id: 2
guide_environment \
  { { dc_product_version X-2025.06-SP2 } \
    { dc_product_build_date { Aug 27, 2025 } } \
    { bus_dimension_separator_style ][ } \
    { bus_extraction_style %s\[%d:%d\] } \
    { bus_multiple_separator_style , } \
    { bus_naming_style %s[%d] } \
    { bus_range_separator_style : } \
    { dc_allow_rtl_pg false } \
    { hdlin_allow_4state_parameters TRUE } \
    { hdlin_unified_rtl_read FALSE } \
    { hdlin_enable_hier_naming FALSE } \
    { hdlin_enable_upf_compatible_naming FALSE } \
    { hdlin_vhdl_preserve_case FALSE } \
    { hdlin_generate_naming_style %s_%d } \
    { hdlin_generate_separator_style _ } \
    { hdlin_infer_enumerated_types FALSE } \
    { hdlin_interface_port_downto FALSE } \
    { hdlin_optimize_enum_types FALSE } \
    { hdlin_preserve_sequential none } \
    { hdlin_sverilog_std 2017 } \
    { hdlin_sv_packages dont_chain } \
    { hdlin_sv_union_member_naming FALSE } \
    { hdlin_vhdl_std 2008 } \
    { hdlin_vrlg_std 2005 } \
    { hdlin_v2005_replication_semantics TRUE } \
    { hdlin_while_loop_iterations 4096 } \
    { hdlin_enable_verilog_configurations_canonical TRUE } \
    { hdlin_enable_verilog_configurations_array_n_block TRUE } \
    { hdlin_enable_persistent_macros FALSE } \
    { hdlin_persistent_macros_filename syn_auto_generated_macro_file.sv } \
    { link_portname_allow_period_to_match_underscore false } \
    { link_portname_allow_square_bracket_to_match_underscore false } \
    { port_complement_naming_style %s_BAR } \
    { simplified_verification_mode FALSE } \
    { template_naming_style %s_%p } \
    { template_parameter_style %s%d } \
    { template_separator_style _ } \
    { upf_iso_filter_elements_with_applies_to ENABLE } \
    { upf_isols_allow_instances_in_elements true } \
    { link_library { * saed32rvt_tt1p05v25c.db dw_foundation.sldb } } \
    { target_library saed32rvt_tt1p05v25c.db } \
    { search_path { . /Tools/synopsys/syn/X-2025.06-SP2/libraries/syn /Tools/synopsys/syn/X-2025.06-SP2/dw/syn_ver /Tools/synopsys/syn/X-2025.06-SP2/dw/sim_ver /home/joao.silva/projeto_formality/synth/libs } } \
    { hdlin_fmsvf_enable_div_by_pow2 true } \
    { synopsys_root /Tools/synopsys/syn/X-2025.06-SP2 } \
    { cwd /home/joao.silva/projeto_formality } \
    { current_design vending_top } \
    { compile_seqmap_propagate_high_effort true } } 

## SVF Operation 3 (Line: 75) - environment.  Status: accepted
## Operation Id: 3
guide_environment \
  { { link_library { * saed32rvt_tt1p05v25c.db dw_foundation.sldb } } \
    { compile_seqmap_propagate_high_effort true } } 

## SVF Operation 4 (Line: 80) - ungroup.  Status: accepted
## Operation Id: 4
guide_ungroup \
  -cells { u_credit_reg } \
  -design { vending_top } 

## SVF Operation 5 (Line: 85) - ungroup.  Status: accepted
## Operation Id: 5
guide_ungroup \
  -cells { u_memory } \
  -design { vending_top } 

## SVF Operation 6 (Line: 90) - ungroup.  Status: accepted
## Operation Id: 6
guide_ungroup \
  -cells { u_comparator } \
  -design { vending_top } 

## SVF Operation 7 (Line: 95) - ungroup.  Status: accepted
## Operation Id: 7
guide_ungroup \
  -cells { u_subtractor } \
  -design { vending_top } 

## SVF Operation 8 (Line: 100) - ungroup.  Status: accepted
## Operation Id: 8
guide_ungroup \
  -cells { u_control_unit } \
  -design { vending_top } 

## SVF Operation 9 (Line: 105) - change_names.  Status: accepted
## Operation Id: 9
guide_change_names \
  -design { vending_top } \
  { { cell u_credit_reg/add_31 add_x_4 } } 

## SVF Operation 10 (Line: 110) - change_names.  Status: accepted
## Operation Id: 10
guide_change_names \
  -design { vending_top } \
  { { cell u_memory/sub_38 sub_x_8 } } 

## SVF Operation 11 (Line: 115) - change_names.  Status: accepted
## Operation Id: 11
guide_change_names \
  -design { vending_top } \
  { { cell u_comparator/gte_7 gte_x_10 } } 

## SVF Operation 12 (Line: 120) - change_names.  Status: accepted
## Operation Id: 12
guide_change_names \
  -design { vending_top } \
  { { cell u_comparator/gt_7 gt_x_11 } } 

## SVF Operation 13 (Line: 125) - change_names.  Status: accepted
## Operation Id: 13
guide_change_names \
  -design { vending_top } \
  { { cell u_subtractor/sub_6 sub_x_12 } } 

## SVF Operation 14 (Line: 130) - reg_constant.  Status: accepted
## Operation Id: 14
guide_reg_constant \
  -design { vending_top } \
  -replaced { svfTrue } \
  { u_memory/price_reg[0] } \
  { 0 } 

## SVF Operation 15 (Line: 137) - reg_constant.  Status: accepted
## Operation Id: 15
guide_reg_constant \
  -design { vending_top } \
  -replaced { svfTrue } \
  { u_memory/price_reg[7] } \
  { 0 } 

## SVF Operation 16 (Line: 144) - reg_constant.  Status: accepted
## Operation Id: 16
guide_reg_constant \
  -design { vending_top } \
  -replaced { svfTrue } \
  { u_memory/price_reg[6] } \
  { 0 } 

## SVF Operation 17 (Line: 151) - reg_constant.  Status: accepted
## Operation Id: 17
guide_reg_constant \
  -design { vending_top } \
  -replaced { svfTrue } \
  { u_memory/price_reg[5] } \
  { 0 } 

## SVF Operation 18 (Line: 158) - reg_constant.  Status: accepted
## Operation Id: 18
guide_reg_constant \
  -design { vending_top } \
  -replaced { svfTrue } \
  { u_memory/price_reg[4] } \
  { 0 } 

## SVF Operation 19 (Line: 165) - reg_constant.  Status: accepted
## Operation Id: 19
guide_reg_constant \
  -design { vending_top } \
  -replaced { svfTrue } \
  { u_memory/price_reg[3] } \
  { 0 } 

## SVF Operation 20 (Line: 172) - reg_constant.  Status: accepted
## Operation Id: 20
guide_reg_constant \
  -design { vending_top } \
  -replaced { svfTrue } \
  { u_memory/price_reg[2] } \
  { 0 } 

## SVF Operation 21 (Line: 179) - reg_constant.  Status: accepted
## Operation Id: 21
guide_reg_constant \
  -design { vending_top } \
  -replaced { svfTrue } \
  { u_memory/price_reg[1] } \
  { 0 } 

## SVF Operation 22 (Line: 186) - environment.  Status: accepted
## Operation Id: 22
guide_environment \
  { { postcompile_db_list /home/joao.silva/projeto_formality/synth/libs/saed32rvt_tt1p05v25c.db } } 

## SVF Operation 23 (Line: 190) - environment.  Status: accepted
## Operation Id: 23
guide_environment \
  { { write_file { -format verilog -hierarchy -output synth/vending_top_syn_ungrouped.v } } \
    { write_file { -format ddc -hierarchy -output synth/vending_top_syn_ungrouped.ddc } } \
    { compile_seqmap_propagate_high_effort true } } 

1
