 
****************************************
Report : timing
        -path full
        -delay max
        -max_paths 10
Design : vending_top
Version: X-2025.06-SP2
Date   : Thu Jul  2 16:21:44 2026
****************************************

Operating Conditions: tt1p05v25c   Library: saed32rvt_tt1p05v25c
Wire Load Model Mode: enclosed

  Startpoint: control_unit_inst/state_reg[2]
              (rising edge-triggered flip-flop clocked by clk)
  Endpoint: change_out[7]
            (output port clocked by clk)
  Path Group: clk
  Path Type: max

  Des/Clust/Port     Wire Load Model       Library
  ------------------------------------------------
  vending_top        8000                  saed32rvt_tt1p05v25c
  control_unit       ForQA                 saed32rvt_tt1p05v25c

  Point                                                   Incr       Path
  --------------------------------------------------------------------------
  clock clk (rise edge)                                   0.00       0.00
  clock network delay (ideal)                             0.00       0.00
  control_unit_inst/state_reg[2]/CLK (DFFX1_RVT)          0.00       0.00 r
  control_unit_inst/state_reg[2]/Q (DFFX1_RVT)            0.11       0.11 f
  control_unit_inst/U12/Y (AND3X1_RVT)                    0.08       0.19 f
  control_unit_inst/U20/Y (AND2X1_RVT)                    0.06       0.25 f
  control_unit_inst/change_out[7] (control_unit)          0.00       0.25 f
  change_out[7] (out)                                     0.00       0.25 f
  data arrival time                                                  0.25

  clock clk (rise edge)                                  20.00      20.00
  clock network delay (ideal)                             0.00      20.00
  clock uncertainty                                      -0.50      19.50
  output external delay                                  -3.00      16.50
  data required time                                                16.50
  --------------------------------------------------------------------------
  data required time                                                16.50
  data arrival time                                                 -0.25
  --------------------------------------------------------------------------
  slack (MET)                                                       16.25


  Startpoint: control_unit_inst/state_reg[2]
              (rising edge-triggered flip-flop clocked by clk)
  Endpoint: change_out[6]
            (output port clocked by clk)
  Path Group: clk
  Path Type: max

  Des/Clust/Port     Wire Load Model       Library
  ------------------------------------------------
  vending_top        8000                  saed32rvt_tt1p05v25c
  control_unit       ForQA                 saed32rvt_tt1p05v25c

  Point                                                   Incr       Path
  --------------------------------------------------------------------------
  clock clk (rise edge)                                   0.00       0.00
  clock network delay (ideal)                             0.00       0.00
  control_unit_inst/state_reg[2]/CLK (DFFX1_RVT)          0.00       0.00 r
  control_unit_inst/state_reg[2]/Q (DFFX1_RVT)            0.11       0.11 f
  control_unit_inst/U12/Y (AND3X1_RVT)                    0.08       0.19 f
  control_unit_inst/U19/Y (AND2X1_RVT)                    0.06       0.25 f
  control_unit_inst/change_out[6] (control_unit)          0.00       0.25 f
  change_out[6] (out)                                     0.00       0.25 f
  data arrival time                                                  0.25

  clock clk (rise edge)                                  20.00      20.00
  clock network delay (ideal)                             0.00      20.00
  clock uncertainty                                      -0.50      19.50
  output external delay                                  -3.00      16.50
  data required time                                                16.50
  --------------------------------------------------------------------------
  data required time                                                16.50
  data arrival time                                                 -0.25
  --------------------------------------------------------------------------
  slack (MET)                                                       16.25


  Startpoint: control_unit_inst/state_reg[2]
              (rising edge-triggered flip-flop clocked by clk)
  Endpoint: change_out[5]
            (output port clocked by clk)
  Path Group: clk
  Path Type: max

  Des/Clust/Port     Wire Load Model       Library
  ------------------------------------------------
  vending_top        8000                  saed32rvt_tt1p05v25c
  control_unit       ForQA                 saed32rvt_tt1p05v25c

  Point                                                   Incr       Path
  --------------------------------------------------------------------------
  clock clk (rise edge)                                   0.00       0.00
  clock network delay (ideal)                             0.00       0.00
  control_unit_inst/state_reg[2]/CLK (DFFX1_RVT)          0.00       0.00 r
  control_unit_inst/state_reg[2]/Q (DFFX1_RVT)            0.11       0.11 f
  control_unit_inst/U12/Y (AND3X1_RVT)                    0.08       0.19 f
  control_unit_inst/U18/Y (AND2X1_RVT)                    0.06       0.25 f
  control_unit_inst/change_out[5] (control_unit)          0.00       0.25 f
  change_out[5] (out)                                     0.00       0.25 f
  data arrival time                                                  0.25

  clock clk (rise edge)                                  20.00      20.00
  clock network delay (ideal)                             0.00      20.00
  clock uncertainty                                      -0.50      19.50
  output external delay                                  -3.00      16.50
  data required time                                                16.50
  --------------------------------------------------------------------------
  data required time                                                16.50
  data arrival time                                                 -0.25
  --------------------------------------------------------------------------
  slack (MET)                                                       16.25


  Startpoint: control_unit_inst/state_reg[2]
              (rising edge-triggered flip-flop clocked by clk)
  Endpoint: change_out[4]
            (output port clocked by clk)
  Path Group: clk
  Path Type: max

  Des/Clust/Port     Wire Load Model       Library
  ------------------------------------------------
  vending_top        8000                  saed32rvt_tt1p05v25c
  control_unit       ForQA                 saed32rvt_tt1p05v25c

  Point                                                   Incr       Path
  --------------------------------------------------------------------------
  clock clk (rise edge)                                   0.00       0.00
  clock network delay (ideal)                             0.00       0.00
  control_unit_inst/state_reg[2]/CLK (DFFX1_RVT)          0.00       0.00 r
  control_unit_inst/state_reg[2]/Q (DFFX1_RVT)            0.11       0.11 f
  control_unit_inst/U12/Y (AND3X1_RVT)                    0.08       0.19 f
  control_unit_inst/U17/Y (AND2X1_RVT)                    0.06       0.25 f
  control_unit_inst/change_out[4] (control_unit)          0.00       0.25 f
  change_out[4] (out)                                     0.00       0.25 f
  data arrival time                                                  0.25

  clock clk (rise edge)                                  20.00      20.00
  clock network delay (ideal)                             0.00      20.00
  clock uncertainty                                      -0.50      19.50
  output external delay                                  -3.00      16.50
  data required time                                                16.50
  --------------------------------------------------------------------------
  data required time                                                16.50
  data arrival time                                                 -0.25
  --------------------------------------------------------------------------
  slack (MET)                                                       16.25


  Startpoint: control_unit_inst/state_reg[2]
              (rising edge-triggered flip-flop clocked by clk)
  Endpoint: change_out[3]
            (output port clocked by clk)
  Path Group: clk
  Path Type: max

  Des/Clust/Port     Wire Load Model       Library
  ------------------------------------------------
  vending_top        8000                  saed32rvt_tt1p05v25c
  control_unit       ForQA                 saed32rvt_tt1p05v25c

  Point                                                   Incr       Path
  --------------------------------------------------------------------------
  clock clk (rise edge)                                   0.00       0.00
  clock network delay (ideal)                             0.00       0.00
  control_unit_inst/state_reg[2]/CLK (DFFX1_RVT)          0.00       0.00 r
  control_unit_inst/state_reg[2]/Q (DFFX1_RVT)            0.11       0.11 f
  control_unit_inst/U12/Y (AND3X1_RVT)                    0.08       0.19 f
  control_unit_inst/U16/Y (AND2X1_RVT)                    0.06       0.25 f
  control_unit_inst/change_out[3] (control_unit)          0.00       0.25 f
  change_out[3] (out)                                     0.00       0.25 f
  data arrival time                                                  0.25

  clock clk (rise edge)                                  20.00      20.00
  clock network delay (ideal)                             0.00      20.00
  clock uncertainty                                      -0.50      19.50
  output external delay                                  -3.00      16.50
  data required time                                                16.50
  --------------------------------------------------------------------------
  data required time                                                16.50
  data arrival time                                                 -0.25
  --------------------------------------------------------------------------
  slack (MET)                                                       16.25


  Startpoint: control_unit_inst/state_reg[2]
              (rising edge-triggered flip-flop clocked by clk)
  Endpoint: change_out[2]
            (output port clocked by clk)
  Path Group: clk
  Path Type: max

  Des/Clust/Port     Wire Load Model       Library
  ------------------------------------------------
  vending_top        8000                  saed32rvt_tt1p05v25c
  control_unit       ForQA                 saed32rvt_tt1p05v25c

  Point                                                   Incr       Path
  --------------------------------------------------------------------------
  clock clk (rise edge)                                   0.00       0.00
  clock network delay (ideal)                             0.00       0.00
  control_unit_inst/state_reg[2]/CLK (DFFX1_RVT)          0.00       0.00 r
  control_unit_inst/state_reg[2]/Q (DFFX1_RVT)            0.11       0.11 f
  control_unit_inst/U12/Y (AND3X1_RVT)                    0.08       0.19 f
  control_unit_inst/U15/Y (AND2X1_RVT)                    0.06       0.25 f
  control_unit_inst/change_out[2] (control_unit)          0.00       0.25 f
  change_out[2] (out)                                     0.00       0.25 f
  data arrival time                                                  0.25

  clock clk (rise edge)                                  20.00      20.00
  clock network delay (ideal)                             0.00      20.00
  clock uncertainty                                      -0.50      19.50
  output external delay                                  -3.00      16.50
  data required time                                                16.50
  --------------------------------------------------------------------------
  data required time                                                16.50
  data arrival time                                                 -0.25
  --------------------------------------------------------------------------
  slack (MET)                                                       16.25


  Startpoint: control_unit_inst/state_reg[2]
              (rising edge-triggered flip-flop clocked by clk)
  Endpoint: change_out[1]
            (output port clocked by clk)
  Path Group: clk
  Path Type: max

  Des/Clust/Port     Wire Load Model       Library
  ------------------------------------------------
  vending_top        8000                  saed32rvt_tt1p05v25c
  control_unit       ForQA                 saed32rvt_tt1p05v25c

  Point                                                   Incr       Path
  --------------------------------------------------------------------------
  clock clk (rise edge)                                   0.00       0.00
  clock network delay (ideal)                             0.00       0.00
  control_unit_inst/state_reg[2]/CLK (DFFX1_RVT)          0.00       0.00 r
  control_unit_inst/state_reg[2]/Q (DFFX1_RVT)            0.11       0.11 f
  control_unit_inst/U12/Y (AND3X1_RVT)                    0.08       0.19 f
  control_unit_inst/U14/Y (AND2X1_RVT)                    0.06       0.25 f
  control_unit_inst/change_out[1] (control_unit)          0.00       0.25 f
  change_out[1] (out)                                     0.00       0.25 f
  data arrival time                                                  0.25

  clock clk (rise edge)                                  20.00      20.00
  clock network delay (ideal)                             0.00      20.00
  clock uncertainty                                      -0.50      19.50
  output external delay                                  -3.00      16.50
  data required time                                                16.50
  --------------------------------------------------------------------------
  data required time                                                16.50
  data arrival time                                                 -0.25
  --------------------------------------------------------------------------
  slack (MET)                                                       16.25


  Startpoint: control_unit_inst/state_reg[2]
              (rising edge-triggered flip-flop clocked by clk)
  Endpoint: change_out[0]
            (output port clocked by clk)
  Path Group: clk
  Path Type: max

  Des/Clust/Port     Wire Load Model       Library
  ------------------------------------------------
  vending_top        8000                  saed32rvt_tt1p05v25c
  control_unit       ForQA                 saed32rvt_tt1p05v25c

  Point                                                   Incr       Path
  --------------------------------------------------------------------------
  clock clk (rise edge)                                   0.00       0.00
  clock network delay (ideal)                             0.00       0.00
  control_unit_inst/state_reg[2]/CLK (DFFX1_RVT)          0.00       0.00 r
  control_unit_inst/state_reg[2]/Q (DFFX1_RVT)            0.11       0.11 f
  control_unit_inst/U12/Y (AND3X1_RVT)                    0.08       0.19 f
  control_unit_inst/U13/Y (AND2X1_RVT)                    0.06       0.25 f
  control_unit_inst/change_out[0] (control_unit)          0.00       0.25 f
  change_out[0] (out)                                     0.00       0.25 f
  data arrival time                                                  0.25

  clock clk (rise edge)                                  20.00      20.00
  clock network delay (ideal)                             0.00      20.00
  clock uncertainty                                      -0.50      19.50
  output external delay                                  -3.00      16.50
  data required time                                                16.50
  --------------------------------------------------------------------------
  data required time                                                16.50
  data arrival time                                                 -0.25
  --------------------------------------------------------------------------
  slack (MET)                                                       16.25


  Startpoint: control_unit_inst/state_reg[2]
              (rising edge-triggered flip-flop clocked by clk)
  Endpoint: dispense (output port clocked by clk)
  Path Group: clk
  Path Type: max

  Des/Clust/Port     Wire Load Model       Library
  ------------------------------------------------
  vending_top        8000                  saed32rvt_tt1p05v25c
  control_unit       ForQA                 saed32rvt_tt1p05v25c

  Point                                                   Incr       Path
  --------------------------------------------------------------------------
  clock clk (rise edge)                                   0.00       0.00
  clock network delay (ideal)                             0.00       0.00
  control_unit_inst/state_reg[2]/CLK (DFFX1_RVT)          0.00       0.00 r
  control_unit_inst/state_reg[2]/QN (DFFX1_RVT)           0.10       0.10 f
  control_unit_inst/U21/Y (AND3X1_RVT)                    0.08       0.18 f
  control_unit_inst/dispense (control_unit)               0.00       0.18 f
  dispense (out)                                          0.00       0.18 f
  data arrival time                                                  0.18

  clock clk (rise edge)                                  20.00      20.00
  clock network delay (ideal)                             0.00      20.00
  clock uncertainty                                      -0.50      19.50
  output external delay                                  -3.00      16.50
  data required time                                                16.50
  --------------------------------------------------------------------------
  data required time                                                16.50
  data arrival time                                                 -0.18
  --------------------------------------------------------------------------
  slack (MET)                                                       16.32


  Startpoint: control_unit_inst/state_reg[2]
              (rising edge-triggered flip-flop clocked by clk)
  Endpoint: error (output port clocked by clk)
  Path Group: clk
  Path Type: max

  Des/Clust/Port     Wire Load Model       Library
  ------------------------------------------------
  vending_top        8000                  saed32rvt_tt1p05v25c

  Point                                                   Incr       Path
  --------------------------------------------------------------------------
  clock clk (rise edge)                                   0.00       0.00
  clock network delay (ideal)                             0.00       0.00
  control_unit_inst/state_reg[2]/CLK (DFFX1_RVT)          0.00       0.00 r
  control_unit_inst/state_reg[2]/Q (DFFX1_RVT)            0.11       0.11 f
  control_unit_inst/U11/Y (AND3X1_RVT)                    0.05       0.16 f
  control_unit_inst/error (control_unit)                  0.00       0.16 f
  error (out)                                             0.00       0.16 f
  data arrival time                                                  0.16

  clock clk (rise edge)                                  20.00      20.00
  clock network delay (ideal)                             0.00      20.00
  clock uncertainty                                      -0.50      19.50
  output external delay                                  -3.00      16.50
  data required time                                                16.50
  --------------------------------------------------------------------------
  data required time                                                16.50
  data arrival time                                                 -0.16
  --------------------------------------------------------------------------
  slack (MET)                                                       16.34


1
