 
****************************************
Report : area
Design : vending_top
Version: X-2025.06-SP2
Date   : Thu Jul  9 10:58:28 2026
****************************************

Information: Updating design information... (UID-85)
Library(s) Used:

    saed32rvt_tt1p05v25c (File: /home/joao.silva/projeto_grupo/synth/libs/saed32rvt_tt1p05v25c.db)

Number of ports:                          108
Number of nets:                           281
Number of cells:                          214
Number of combinational cells:            150
Number of sequential cells:                60
Number of macros/black boxes:               0
Number of buf/inv:                         20
Number of references:                       9

Combinational area:                371.558529
Buf/Inv area:                       25.668544
Noncombinational area:             396.464653
Macro/Black Box area:                0.000000
Net Interconnect area:             140.737974

Total cell area:                   768.023182
Total area:                        908.761157

Hierarchical area distribution
------------------------------

                                  Global cell area          Local cell area
                                  ------------------  --------------------------- 
Hierarchical cell                 Absolute   Percent  Combi-    Noncombi-  Black-
                                  Total      Total    national  national   boxes   Design
--------------------------------  ---------  -------  --------  ---------  ------  ------------
vending_top                        768.0232    100.0   26.9393    52.8620  0.0000  vending_top
u_comparator                         7.6243      1.0    7.6243     0.0000  0.0000  comparator
u_control_unit                      67.8564      8.8   41.4255    26.4310  0.0000  control_unit
u_credit_reg                       141.5582     18.4   88.6963    52.8620  0.0000  credit_reg
u_memory                           471.1830     61.4  206.8732   264.3098  0.0000  memory
--------------------------------  ---------  -------  --------  ---------  ------  ------------
Total                                                 371.5585   396.4647  0.0000

1
